Archive member included because of file (symbol)

e:/iti embedded/01- imt sdk/imt_sdk_win_64/winavr/bin/../lib/gcc/avr/4.3.3/avr5\libgcc.a(_mulsi3.o)
                              ./MCAL/ADC/ADC.o (__mulsi3)
e:/iti embedded/01- imt sdk/imt_sdk_win_64/winavr/bin/../lib/gcc/avr/4.3.3/avr5\libgcc.a(_divmodqi4.o)
                              ./main.o (__divmodqi4)
e:/iti embedded/01- imt sdk/imt_sdk_win_64/winavr/bin/../lib/gcc/avr/4.3.3/avr5\libgcc.a(_divmodsi4.o)
                              ./HAL/LCD.o (__divmodsi4)
e:/iti embedded/01- imt sdk/imt_sdk_win_64/winavr/bin/../lib/gcc/avr/4.3.3/avr5\libgcc.a(_exit.o)
                              e:/iti embedded/01- imt sdk/imt_sdk_win_64/winavr/bin/../lib/gcc/avr/4.3.3/../../../../avr/lib/avr5/crtm32.o (exit)
e:/iti embedded/01- imt sdk/imt_sdk_win_64/winavr/bin/../lib/gcc/avr/4.3.3/avr5\libgcc.a(_copy_data.o)
                              ./MCAL/DIO.o (__do_copy_data)
e:/iti embedded/01- imt sdk/imt_sdk_win_64/winavr/bin/../lib/gcc/avr/4.3.3/avr5\libgcc.a(_clear_bss.o)
                              ./RTOS Stack/TIMER0/TIMER0_program.o (__do_clear_bss)
e:/iti embedded/01- imt sdk/imt_sdk_win_64/winavr/bin/../lib/gcc/avr/4.3.3/avr5\libgcc.a(_fixunssfsi.o)
                              ./HAL/LCD.o (__fixunssfsi)
e:/iti embedded/01- imt sdk/imt_sdk_win_64/winavr/bin/../lib/gcc/avr/4.3.3/avr5\libgcc.a(_addsub_sf.o)
                              e:/iti embedded/01- imt sdk/imt_sdk_win_64/winavr/bin/../lib/gcc/avr/4.3.3/avr5\libgcc.a(_fixunssfsi.o) (__subsf3)
e:/iti embedded/01- imt sdk/imt_sdk_win_64/winavr/bin/../lib/gcc/avr/4.3.3/avr5\libgcc.a(_mul_sf.o)
                              ./HAL/LCD.o (__mulsf3)
e:/iti embedded/01- imt sdk/imt_sdk_win_64/winavr/bin/../lib/gcc/avr/4.3.3/avr5\libgcc.a(_gt_sf.o)
                              ./HAL/LCD.o (__gtsf2)
e:/iti embedded/01- imt sdk/imt_sdk_win_64/winavr/bin/../lib/gcc/avr/4.3.3/avr5\libgcc.a(_ge_sf.o)
                              e:/iti embedded/01- imt sdk/imt_sdk_win_64/winavr/bin/../lib/gcc/avr/4.3.3/avr5\libgcc.a(_fixunssfsi.o) (__gesf2)
e:/iti embedded/01- imt sdk/imt_sdk_win_64/winavr/bin/../lib/gcc/avr/4.3.3/avr5\libgcc.a(_lt_sf.o)
                              ./HAL/LCD.o (__ltsf2)
e:/iti embedded/01- imt sdk/imt_sdk_win_64/winavr/bin/../lib/gcc/avr/4.3.3/avr5\libgcc.a(_sf_to_si.o)
                              e:/iti embedded/01- imt sdk/imt_sdk_win_64/winavr/bin/../lib/gcc/avr/4.3.3/avr5\libgcc.a(_fixunssfsi.o) (__fixsfsi)
e:/iti embedded/01- imt sdk/imt_sdk_win_64/winavr/bin/../lib/gcc/avr/4.3.3/avr5\libgcc.a(_thenan_sf.o)
                              e:/iti embedded/01- imt sdk/imt_sdk_win_64/winavr/bin/../lib/gcc/avr/4.3.3/avr5\libgcc.a(_addsub_sf.o) (__thenan_sf)
e:/iti embedded/01- imt sdk/imt_sdk_win_64/winavr/bin/../lib/gcc/avr/4.3.3/avr5\libgcc.a(_udivmodqi4.o)
                              e:/iti embedded/01- imt sdk/imt_sdk_win_64/winavr/bin/../lib/gcc/avr/4.3.3/avr5\libgcc.a(_divmodqi4.o) (__udivmodqi4)
e:/iti embedded/01- imt sdk/imt_sdk_win_64/winavr/bin/../lib/gcc/avr/4.3.3/avr5\libgcc.a(_udivmodsi4.o)
                              e:/iti embedded/01- imt sdk/imt_sdk_win_64/winavr/bin/../lib/gcc/avr/4.3.3/avr5\libgcc.a(_divmodsi4.o) (__udivmodsi4)
e:/iti embedded/01- imt sdk/imt_sdk_win_64/winavr/bin/../lib/gcc/avr/4.3.3/avr5\libgcc.a(_prologue.o)
                              e:/iti embedded/01- imt sdk/imt_sdk_win_64/winavr/bin/../lib/gcc/avr/4.3.3/avr5\libgcc.a(_addsub_sf.o) (__prologue_saves__)
e:/iti embedded/01- imt sdk/imt_sdk_win_64/winavr/bin/../lib/gcc/avr/4.3.3/avr5\libgcc.a(_epilogue.o)
                              e:/iti embedded/01- imt sdk/imt_sdk_win_64/winavr/bin/../lib/gcc/avr/4.3.3/avr5\libgcc.a(_addsub_sf.o) (__epilogue_restores__)
e:/iti embedded/01- imt sdk/imt_sdk_win_64/winavr/bin/../lib/gcc/avr/4.3.3/avr5\libgcc.a(_pack_sf.o)
                              e:/iti embedded/01- imt sdk/imt_sdk_win_64/winavr/bin/../lib/gcc/avr/4.3.3/avr5\libgcc.a(_addsub_sf.o) (__pack_f)
e:/iti embedded/01- imt sdk/imt_sdk_win_64/winavr/bin/../lib/gcc/avr/4.3.3/avr5\libgcc.a(_unpack_sf.o)
                              e:/iti embedded/01- imt sdk/imt_sdk_win_64/winavr/bin/../lib/gcc/avr/4.3.3/avr5\libgcc.a(_addsub_sf.o) (__unpack_f)
e:/iti embedded/01- imt sdk/imt_sdk_win_64/winavr/bin/../lib/gcc/avr/4.3.3/avr5\libgcc.a(_fpcmp_parts_sf.o)
                              e:/iti embedded/01- imt sdk/imt_sdk_win_64/winavr/bin/../lib/gcc/avr/4.3.3/avr5\libgcc.a(_gt_sf.o) (__fpcmp_parts_f)
e:/iti embedded/01- imt sdk/imt_sdk_win_64/winavr/bin/../lib/gcc/avr/4.3.3/../../../../avr/lib/avr5\libc.a(memcpy.o)
                              ./FreeRTOS_SourceFiles/queue.o (memcpy)
e:/iti embedded/01- imt sdk/imt_sdk_win_64/winavr/bin/../lib/gcc/avr/4.3.3/../../../../avr/lib/avr5\libc.a(memset.o)
                              ./FreeRTOS_SourceFiles/tasks.o (memset)
e:/iti embedded/01- imt sdk/imt_sdk_win_64/winavr/bin/../lib/gcc/avr/4.3.3/../../../../avr/lib/avr5\libc.a(strlen.o)
                              ./HAL/LCD.o (strlen)
e:/iti embedded/01- imt sdk/imt_sdk_win_64/winavr/bin/../lib/gcc/avr/4.3.3/../../../../avr/lib/avr5\libc.a(strncpy.o)
                              ./FreeRTOS_SourceFiles/tasks.o (strncpy)

Memory Configuration

Name             Origin             Length             Attributes
text             0x00000000         0x00020000         xr
data             0x00800060         0x0000ffa0         rw !x
eeprom           0x00810000         0x00010000         rw !x
fuse             0x00820000         0x00000400         rw !x
lock             0x00830000         0x00000400         rw !x
signature        0x00840000         0x00000400         rw !x
*default*        0x00000000         0xffffffff

Linker script and memory map

LOAD e:/iti embedded/01- imt sdk/imt_sdk_win_64/winavr/bin/../lib/gcc/avr/4.3.3/../../../../avr/lib/avr5/crtm32.o
LOAD ./RTOS Stack/TIMER0/TIMER0_program.o
LOAD ./RTOS Stack/RTOS/TMU_Program.o
LOAD ./RTOS Stack/GIE/GIE_program.o
LOAD ./MCAL/ADC/ADC.o
LOAD ./MCAL/DIO.o
LOAD ./MCAL/Ex_Interrupt.o
LOAD ./MCAL/SPI.o
LOAD ./MCAL/TIMER.o
LOAD ./MCAL/UART.o
LOAD ./MCAL/WDT.o
LOAD ./HAL/Keypad.o
LOAD ./HAL/LCD.o
LOAD ./HAL/MOTOR.o
LOAD ./HAL/Stepper.o
LOAD ./FreeRTOS_SourceFiles/croutine.o
LOAD ./FreeRTOS_SourceFiles/heap_1.o
LOAD ./FreeRTOS_SourceFiles/list.o
LOAD ./FreeRTOS_SourceFiles/port.o
LOAD ./FreeRTOS_SourceFiles/queue.o
LOAD ./FreeRTOS_SourceFiles/tasks.o
LOAD ./FreeRTOS_SourceFiles/timers.o
LOAD ./main.o
LOAD e:/iti embedded/01- imt sdk/imt_sdk_win_64/winavr/bin/../lib/gcc/avr/4.3.3/avr5\libgcc.a
LOAD e:/iti embedded/01- imt sdk/imt_sdk_win_64/winavr/bin/../lib/gcc/avr/4.3.3/../../../../avr/lib/avr5\libc.a
LOAD e:/iti embedded/01- imt sdk/imt_sdk_win_64/winavr/bin/../lib/gcc/avr/4.3.3/avr5\libgcc.a

.hash
 *(.hash)

.dynsym
 *(.dynsym)

.dynstr
 *(.dynstr)

.gnu.version
 *(.gnu.version)

.gnu.version_d
 *(.gnu.version_d)

.gnu.version_r
 *(.gnu.version_r)

.rel.init
 *(.rel.init)

.rela.init
 *(.rela.init)

.rel.text
 *(.rel.text)
 *(.rel.text.*)
 *(.rel.gnu.linkonce.t*)

.rela.text
 *(.rela.text)
 *(.rela.text.*)
 *(.rela.gnu.linkonce.t*)

.rel.fini
 *(.rel.fini)

.rela.fini
 *(.rela.fini)

.rel.rodata
 *(.rel.rodata)
 *(.rel.rodata.*)
 *(.rel.gnu.linkonce.r*)

.rela.rodata
 *(.rela.rodata)
 *(.rela.rodata.*)
 *(.rela.gnu.linkonce.r*)

.rel.data
 *(.rel.data)
 *(.rel.data.*)
 *(.rel.gnu.linkonce.d*)

.rela.data
 *(.rela.data)
 *(.rela.data.*)
 *(.rela.gnu.linkonce.d*)

.rel.ctors
 *(.rel.ctors)

.rela.ctors
 *(.rela.ctors)

.rel.dtors
 *(.rel.dtors)

.rela.dtors
 *(.rela.dtors)

.rel.got
 *(.rel.got)

.rela.got
 *(.rela.got)

.rel.bss
 *(.rel.bss)

.rela.bss
 *(.rela.bss)

.rel.plt
 *(.rel.plt)

.rela.plt
 *(.rela.plt)

.text           0x00000000     0x7a18
 *(.vectors)
 .vectors       0x00000000       0x54 e:/iti embedded/01- imt sdk/imt_sdk_win_64/winavr/bin/../lib/gcc/avr/4.3.3/../../../../avr/lib/avr5/crtm32.o
                0x00000000                __vectors
                0x00000000                __vector_default
 *(.vectors)
 *(.progmem.gcc*)
 *(.progmem*)
                0x00000054                . = ALIGN (0x2)
                0x00000054                __trampolines_start = .
 *(.trampolines)
 .trampolines   0x00000054        0x0 linker stubs
 *(.trampolines*)
                0x00000054                __trampolines_end = .
 *(.jumptables)
 *(.jumptables*)
 *(.lowtext)
 *(.lowtext*)
                0x00000054                __ctors_start = .
 *(.ctors)
                0x00000054                __ctors_end = .
                0x00000054                __dtors_start = .
 *(.dtors)
                0x00000054                __dtors_end = .
 SORT(*)(.ctors)
 SORT(*)(.dtors)
 *(.init0)
 .init0         0x00000054        0x0 e:/iti embedded/01- imt sdk/imt_sdk_win_64/winavr/bin/../lib/gcc/avr/4.3.3/../../../../avr/lib/avr5/crtm32.o
                0x00000054                __init
 *(.init0)
 *(.init1)
 *(.init1)
 *(.init2)
 .init2         0x00000054        0xc e:/iti embedded/01- imt sdk/imt_sdk_win_64/winavr/bin/../lib/gcc/avr/4.3.3/../../../../avr/lib/avr5/crtm32.o
 *(.init2)
 *(.init3)
 *(.init3)
 *(.init4)
 .init4         0x00000060       0x16 e:/iti embedded/01- imt sdk/imt_sdk_win_64/winavr/bin/../lib/gcc/avr/4.3.3/avr5\libgcc.a(_copy_data.o)
                0x00000060                __do_copy_data
 .init4         0x00000076       0x10 e:/iti embedded/01- imt sdk/imt_sdk_win_64/winavr/bin/../lib/gcc/avr/4.3.3/avr5\libgcc.a(_clear_bss.o)
                0x00000076                __do_clear_bss
 *(.init4)
 *(.init5)
 *(.init5)
 *(.init6)
 *(.init6)
 *(.init7)
 *(.init7)
 *(.init8)
 *(.init8)
 *(.init9)
 .init9         0x00000086        0x8 e:/iti embedded/01- imt sdk/imt_sdk_win_64/winavr/bin/../lib/gcc/avr/4.3.3/../../../../avr/lib/avr5/crtm32.o
 *(.init9)
 *(.text)
 .text          0x0000008e        0x4 e:/iti embedded/01- imt sdk/imt_sdk_win_64/winavr/bin/../lib/gcc/avr/4.3.3/../../../../avr/lib/avr5/crtm32.o
                0x0000008e                __vector_1
                0x0000008e                __vector_12
                0x0000008e                __bad_interrupt
                0x0000008e                __vector_6
                0x0000008e                __vector_11
                0x0000008e                __vector_13
                0x0000008e                __vector_17
                0x0000008e                __vector_19
                0x0000008e                __vector_5
                0x0000008e                __vector_4
                0x0000008e                __vector_9
                0x0000008e                __vector_2
                0x0000008e                __vector_15
                0x0000008e                __vector_8
                0x0000008e                __vector_14
                0x0000008e                __vector_16
                0x0000008e                __vector_18
                0x0000008e                __vector_20
 .text          0x00000092        0x0 ./RTOS Stack/TIMER0/TIMER0_program.o
 .text          0x00000092        0x0 ./RTOS Stack/RTOS/TMU_Program.o
 .text          0x00000092        0x0 ./RTOS Stack/GIE/GIE_program.o
 .text          0x00000092        0x0 ./MCAL/ADC/ADC.o
 .text          0x00000092        0x0 ./MCAL/DIO.o
 .text          0x00000092        0x0 ./MCAL/Ex_Interrupt.o
 .text          0x00000092        0x0 ./MCAL/SPI.o
 .text          0x00000092        0x0 ./MCAL/TIMER.o
 .text          0x00000092        0x0 ./MCAL/UART.o
 .text          0x00000092        0x0 ./MCAL/WDT.o
 .text          0x00000092        0x0 ./HAL/Keypad.o
 .text          0x00000092        0x0 ./HAL/LCD.o
 .text          0x00000092        0x0 ./HAL/MOTOR.o
 .text          0x00000092        0x0 ./HAL/Stepper.o
 .text          0x00000092        0x0 ./FreeRTOS_SourceFiles/croutine.o
 .text          0x00000092        0x0 ./FreeRTOS_SourceFiles/heap_1.o
 .text          0x00000092        0x0 ./FreeRTOS_SourceFiles/list.o
 .text          0x00000092        0x0 ./FreeRTOS_SourceFiles/port.o
 .text          0x00000092        0x0 ./FreeRTOS_SourceFiles/queue.o
 .text          0x00000092        0x0 ./FreeRTOS_SourceFiles/tasks.o
 .text          0x00000092        0x0 ./FreeRTOS_SourceFiles/timers.o
 .text          0x00000092        0x0 ./main.o
 .text          0x00000092        0x0 e:/iti embedded/01- imt sdk/imt_sdk_win_64/winavr/bin/../lib/gcc/avr/4.3.3/avr5\libgcc.a(_mulsi3.o)
 .text          0x00000092        0x0 e:/iti embedded/01- imt sdk/imt_sdk_win_64/winavr/bin/../lib/gcc/avr/4.3.3/avr5\libgcc.a(_divmodqi4.o)
 .text          0x00000092        0x0 e:/iti embedded/01- imt sdk/imt_sdk_win_64/winavr/bin/../lib/gcc/avr/4.3.3/avr5\libgcc.a(_divmodsi4.o)
 .text          0x00000092        0x0 e:/iti embedded/01- imt sdk/imt_sdk_win_64/winavr/bin/../lib/gcc/avr/4.3.3/avr5\libgcc.a(_exit.o)
 .text          0x00000092        0x0 e:/iti embedded/01- imt sdk/imt_sdk_win_64/winavr/bin/../lib/gcc/avr/4.3.3/avr5\libgcc.a(_copy_data.o)
 .text          0x00000092        0x0 e:/iti embedded/01- imt sdk/imt_sdk_win_64/winavr/bin/../lib/gcc/avr/4.3.3/avr5\libgcc.a(_clear_bss.o)
 .text          0x00000092       0x58 e:/iti embedded/01- imt sdk/imt_sdk_win_64/winavr/bin/../lib/gcc/avr/4.3.3/avr5\libgcc.a(_fixunssfsi.o)
                0x00000092                __fixunssfsi
 .text          0x000000ea      0x354 e:/iti embedded/01- imt sdk/imt_sdk_win_64/winavr/bin/../lib/gcc/avr/4.3.3/avr5\libgcc.a(_addsub_sf.o)
                0x00000382                __subsf3
                0x000003e4                __addsf3
 .text          0x0000043e      0x1f4 e:/iti embedded/01- imt sdk/imt_sdk_win_64/winavr/bin/../lib/gcc/avr/4.3.3/avr5\libgcc.a(_mul_sf.o)
                0x0000043e                __mulsf3
 .text          0x00000632       0x60 e:/iti embedded/01- imt sdk/imt_sdk_win_64/winavr/bin/../lib/gcc/avr/4.3.3/avr5\libgcc.a(_gt_sf.o)
                0x00000632                __gtsf2
 .text          0x00000692       0x60 e:/iti embedded/01- imt sdk/imt_sdk_win_64/winavr/bin/../lib/gcc/avr/4.3.3/avr5\libgcc.a(_ge_sf.o)
                0x00000692                __gesf2
 .text          0x000006f2       0x60 e:/iti embedded/01- imt sdk/imt_sdk_win_64/winavr/bin/../lib/gcc/avr/4.3.3/avr5\libgcc.a(_lt_sf.o)
                0x000006f2                __ltsf2
 .text          0x00000752       0xa8 e:/iti embedded/01- imt sdk/imt_sdk_win_64/winavr/bin/../lib/gcc/avr/4.3.3/avr5\libgcc.a(_sf_to_si.o)
                0x00000752                __fixsfsi
 .text          0x000007fa        0x0 e:/iti embedded/01- imt sdk/imt_sdk_win_64/winavr/bin/../lib/gcc/avr/4.3.3/avr5\libgcc.a(_thenan_sf.o)
 .text          0x000007fa        0x0 e:/iti embedded/01- imt sdk/imt_sdk_win_64/winavr/bin/../lib/gcc/avr/4.3.3/avr5\libgcc.a(_udivmodqi4.o)
 .text          0x000007fa        0x0 e:/iti embedded/01- imt sdk/imt_sdk_win_64/winavr/bin/../lib/gcc/avr/4.3.3/avr5\libgcc.a(_udivmodsi4.o)
 .text          0x000007fa        0x0 e:/iti embedded/01- imt sdk/imt_sdk_win_64/winavr/bin/../lib/gcc/avr/4.3.3/avr5\libgcc.a(_prologue.o)
 .text          0x000007fa        0x0 e:/iti embedded/01- imt sdk/imt_sdk_win_64/winavr/bin/../lib/gcc/avr/4.3.3/avr5\libgcc.a(_epilogue.o)
 .text          0x000007fa      0x1aa e:/iti embedded/01- imt sdk/imt_sdk_win_64/winavr/bin/../lib/gcc/avr/4.3.3/avr5\libgcc.a(_pack_sf.o)
                0x000007fa                __pack_f
 .text          0x000009a4       0xf0 e:/iti embedded/01- imt sdk/imt_sdk_win_64/winavr/bin/../lib/gcc/avr/4.3.3/avr5\libgcc.a(_unpack_sf.o)
                0x000009a4                __unpack_f
 .text          0x00000a94       0xb2 e:/iti embedded/01- imt sdk/imt_sdk_win_64/winavr/bin/../lib/gcc/avr/4.3.3/avr5\libgcc.a(_fpcmp_parts_sf.o)
                0x00000a94                __fpcmp_parts_f
 .text          0x00000b46        0x0 e:/iti embedded/01- imt sdk/imt_sdk_win_64/winavr/bin/../lib/gcc/avr/4.3.3/../../../../avr/lib/avr5\libc.a(memcpy.o)
 .text          0x00000b46        0x0 e:/iti embedded/01- imt sdk/imt_sdk_win_64/winavr/bin/../lib/gcc/avr/4.3.3/../../../../avr/lib/avr5\libc.a(memset.o)
 .text          0x00000b46        0x0 e:/iti embedded/01- imt sdk/imt_sdk_win_64/winavr/bin/../lib/gcc/avr/4.3.3/../../../../avr/lib/avr5\libc.a(strlen.o)
 .text          0x00000b46        0x0 e:/iti embedded/01- imt sdk/imt_sdk_win_64/winavr/bin/../lib/gcc/avr/4.3.3/../../../../avr/lib/avr5\libc.a(strncpy.o)
                0x00000b46                . = ALIGN (0x2)
 *(.text.*)
 .text.TIMER0_voidInit
                0x00000b46       0x5c ./RTOS Stack/TIMER0/TIMER0_program.o
                0x00000b46                TIMER0_voidInit
 .text.__vector_10
                0x00000ba2       0x66 ./RTOS Stack/TIMER0/TIMER0_program.o
                0x00000ba2                __vector_10
 .text.TIMER_u8SetCallBack
                0x00000c08       0x3a ./RTOS Stack/TIMER0/TIMER0_program.o
                0x00000c08                TIMER_u8SetCallBack
 .text.GIE_voidEnable
                0x00000c42       0x1c ./RTOS Stack/GIE/GIE_program.o
                0x00000c42                GIE_voidEnable
 .text.GIE_voidDisable
                0x00000c5e       0x1c ./RTOS Stack/GIE/GIE_program.o
                0x00000c5e                GIE_voidDisable
 .text.ADC_Init
                0x00000c7a       0xdc ./MCAL/ADC/ADC.o
                0x00000c7a                ADC_Init
 .text.ADC_Read
                0x00000d56       0x70 ./MCAL/ADC/ADC.o
                0x00000d56                ADC_Read
 .text.ADC_StartConversion
                0x00000dc6       0x4e ./MCAL/ADC/ADC.o
                0x00000dc6                ADC_StartConversion
 .text.ADC_GetRead
                0x00000e14       0x3e ./MCAL/ADC/ADC.o
                0x00000e14                ADC_GetRead
 .text.ADC_GetReadPeriodic
                0x00000e52       0x5e ./MCAL/ADC/ADC.o
                0x00000e52                ADC_GetReadPeriodic
 .text.ADC_ReadVolt
                0x00000eb0       0x62 ./MCAL/ADC/ADC.o
                0x00000eb0                ADC_ReadVolt
 .text.DIO_PIN_Init
                0x00000f12      0x4e0 ./MCAL/DIO.o
                0x00000f12                DIO_PIN_Init
 .text.DIO_WritePin
                0x000013f2      0x20c ./MCAL/DIO.o
                0x000013f2                DIO_WritePin
 .text.DIO_ReadPin
                0x000015fe      0x104 ./MCAL/DIO.o
                0x000015fe                DIO_ReadPin
 .text.DIO_TogglePin
                0x00001702      0x10c ./MCAL/DIO.o
                0x00001702                DIO_TogglePin
 .text.DIO_Init
                0x0000180e       0x38 ./MCAL/DIO.o
                0x0000180e                DIO_Init
 .text.DIO_WritePort
                0x00001846       0x82 ./MCAL/DIO.o
                0x00001846                DIO_WritePort
 .text.EXI_Enable
                0x000018c8       0x54 ./MCAL/Ex_Interrupt.o
                0x000018c8                EXI_Enable
 .text.EXI_Disable
                0x0000191c       0x54 ./MCAL/Ex_Interrupt.o
                0x0000191c                EXI_Disable
 .text.EXI_TriggerEdge
                0x00001970      0x1a6 ./MCAL/Ex_Interrupt.o
                0x00001970                EXI_TriggerEdge
 .text.SPI_Init
                0x00001b16       0x2a ./MCAL/SPI.o
                0x00001b16                SPI_Init
 .text.SPI_SendReceive
                0x00001b40       0x2c ./MCAL/SPI.o
                0x00001b40                SPI_SendReceive
 .text.TIMER0_Init
                0x00001b6c      0x1aa ./MCAL/TIMER.o
                0x00001b6c                TIMER0_Init
 .text.TIMER0_InterruptEnable
                0x00001d16       0x1c ./MCAL/TIMER.o
                0x00001d16                TIMER0_InterruptEnable
 .text.TIMER0_InterruptDisable
                0x00001d32       0x1c ./MCAL/TIMER.o
                0x00001d32                TIMER0_InterruptDisable
 .text.OC0_InterruptEnable
                0x00001d4e       0x1c ./MCAL/TIMER.o
                0x00001d4e                OC0_InterruptEnable
 .text.OC0_InterruptDisable
                0x00001d6a       0x1c ./MCAL/TIMER.o
                0x00001d6a                OC0_InterruptDisable
 .text.UART_Init
                0x00001d86       0x40 ./MCAL/UART.o
                0x00001d86                UART_Init
 .text.UART_Send
                0x00001dc6       0x34 ./MCAL/UART.o
                0x00001dc6                UART_Send
 .text.UART_Recieve
                0x00001dfa       0x1e ./MCAL/UART.o
                0x00001dfa                UART_Recieve
 .text.UART_Receive
                0x00001e18       0x1e ./MCAL/UART.o
                0x00001e18                UART_Receive
 .text.UART_ReceivePerodic
                0x00001e36       0x3c ./MCAL/UART.o
                0x00001e36                UART_ReceivePerodic
 .text.UART_SendString
                0x00001e72       0x52 ./MCAL/UART.o
                0x00001e72                UART_SendString
 .text.UART_ReceiveString
                0x00001ec4       0x86 ./MCAL/UART.o
                0x00001ec4                UART_ReceiveString
 .text.WDT_set  0x00001f4a       0x2a ./MCAL/WDT.o
                0x00001f4a                WDT_set
 .text.WDT_stop
                0x00001f74       0x22 ./MCAL/WDT.o
                0x00001f74                WDT_stop
 .text.Keypad_Init
                0x00001f96       0x2e ./HAL/Keypad.o
                0x00001f96                Keypad_Init
 .text.Keypad_Getkey
                0x00001fc4       0x8e ./HAL/Keypad.o
                0x00001fc4                Keypad_Getkey
 .text.LCD_WriteInstruction
                0x00002052      0x2f4 ./HAL/LCD.o
 .text.LCD_Init
                0x00002346      0x206 ./HAL/LCD.o
                0x00002346                LCD_Init
 .text.LCD_WriteData
                0x0000254c      0x2f4 ./HAL/LCD.o
 .text.LCD_WriteNumber
                0x00002840      0x104 ./HAL/LCD.o
                0x00002840                LCD_WriteNumber
 .text.LCD_WriteChar
                0x00002944       0x1a ./HAL/LCD.o
                0x00002944                LCD_WriteChar
 .text.LCD_WriteString
                0x0000295e       0x58 ./HAL/LCD.o
                0x0000295e                LCD_WriteString
 .text.LCD_Clear
                0x000029b6      0x110 ./HAL/LCD.o
                0x000029b6                LCD_Clear
 .text.LCD_SetCursor
                0x00002ac6       0x36 ./HAL/LCD.o
                0x00002ac6                LCD_SetCursor
 .text.LCD_WriteHex
                0x00002afc       0xc0 ./HAL/LCD.o
                0x00002afc                LCD_WriteHex
 .text.LCD_WriteBinary
                0x00002bbc       0xa0 ./HAL/LCD.o
                0x00002bbc                LCD_WriteBinary
 .text.MOTOR_CW
                0x00002c5c       0x52 ./HAL/MOTOR.o
                0x00002c5c                MOTOR_CW
 .text.MOTOR_CCW
                0x00002cae       0x52 ./HAL/MOTOR.o
                0x00002cae                MOTOR_CCW
 .text.MOTOR_STOP
                0x00002d00       0x52 ./HAL/MOTOR.o
                0x00002d00                MOTOR_STOP
 .text.STEPPER_Bipolar_CW
                0x00002d52      0x352 ./HAL/Stepper.o
                0x00002d52                STEPPER_Bipolar_CW
 .text.STEPPER_Bipolar_CCW
                0x000030a4      0x436 ./HAL/Stepper.o
                0x000030a4                STEPPER_Bipolar_CCW
 .text.STEPPER_Unipolar_CW
                0x000034da      0x436 ./HAL/Stepper.o
                0x000034da                STEPPER_Unipolar_CW
 .text.STEPPER_Unipolar_CCW
                0x00003910      0x436 ./HAL/Stepper.o
                0x00003910                STEPPER_Unipolar_CCW
 .text.STEPPER_Unipolar_CW_HS
                0x00003d46      0x9fe ./HAL/Stepper.o
                0x00003d46                STEPPER_Unipolar_CW_HS
 .text.STEPPER_Unipolar_CCW_HS
                0x00004744      0x436 ./HAL/Stepper.o
                0x00004744                STEPPER_Unipolar_CCW_HS
 .text.xCoRoutineCreate
                0x00004b7a      0x128 ./FreeRTOS_SourceFiles/croutine.o
                0x00004b7a                xCoRoutineCreate
 .text.vCoRoutineAddToDelayedList
                0x00004ca2       0xc2 ./FreeRTOS_SourceFiles/croutine.o
                0x00004ca2                vCoRoutineAddToDelayedList
 .text.prvCheckPendingReadyList
                0x00004d64       0x94 ./FreeRTOS_SourceFiles/croutine.o
 .text.prvCheckDelayedList
                0x00004df8      0x15c ./FreeRTOS_SourceFiles/croutine.o
 .text.vCoRoutineSchedule
                0x00004f54       0xf4 ./FreeRTOS_SourceFiles/croutine.o
                0x00004f54                vCoRoutineSchedule
 .text.prvInitialiseCoRoutineLists
                0x00005048       0x72 ./FreeRTOS_SourceFiles/croutine.o
 .text.xCoRoutineRemoveFromEventList
                0x000050ba       0x70 ./FreeRTOS_SourceFiles/croutine.o
                0x000050ba                xCoRoutineRemoveFromEventList
 .text.pvPortMalloc
                0x0000512a       0x8c ./FreeRTOS_SourceFiles/heap_1.o
                0x0000512a                pvPortMalloc
 .text.vPortFree
                0x000051b6       0x18 ./FreeRTOS_SourceFiles/heap_1.o
                0x000051b6                vPortFree
 .text.vPortInitialiseBlocks
                0x000051ce       0x16 ./FreeRTOS_SourceFiles/heap_1.o
                0x000051ce                vPortInitialiseBlocks
 .text.xPortGetFreeHeapSize
                0x000051e4       0x1e ./FreeRTOS_SourceFiles/heap_1.o
                0x000051e4                xPortGetFreeHeapSize
 .text.vListInitialise
                0x00005202       0x54 ./FreeRTOS_SourceFiles/list.o
                0x00005202                vListInitialise
 .text.vListInitialiseItem
                0x00005256       0x20 ./FreeRTOS_SourceFiles/list.o
                0x00005256                vListInitialiseItem
 .text.vListInsertEnd
                0x00005276       0x98 ./FreeRTOS_SourceFiles/list.o
                0x00005276                vListInsertEnd
 .text.vListInsert
                0x0000530e       0xd8 ./FreeRTOS_SourceFiles/list.o
                0x0000530e                vListInsert
 .text.vListRemove
                0x000053e6       0x92 ./FreeRTOS_SourceFiles/list.o
                0x000053e6                vListRemove
 .text.pxPortInitialiseStack
                0x00005478      0x306 ./FreeRTOS_SourceFiles/port.o
                0x00005478                pxPortInitialiseStack
 .text.xPortStartScheduler
                0x0000577e       0x6a ./FreeRTOS_SourceFiles/port.o
                0x0000577e                xPortStartScheduler
 .text.vPortEndScheduler
                0x000057e8        0xe ./FreeRTOS_SourceFiles/port.o
                0x000057e8                vPortEndScheduler
 .text.vPortYield
                0x000057f6       0xb2 ./FreeRTOS_SourceFiles/port.o
                0x000057f6                vPortYield
 .text.vPortYieldFromTick
                0x000058a8       0xb6 ./FreeRTOS_SourceFiles/port.o
                0x000058a8                vPortYieldFromTick
 .text.prvSetupTimerInterrupt
                0x0000595e       0xb8 ./FreeRTOS_SourceFiles/port.o
 .text.__vector_7
                0x00005a16        0x6 ./FreeRTOS_SourceFiles/port.o
                0x00005a16                __vector_7
 .text.xQueueCreate
                0x00005a1c      0x152 ./FreeRTOS_SourceFiles/queue.o
                0x00005a1c                xQueueCreate
 .text.xQueueCreateCountingSemaphore
                0x00005b6e       0x3e ./FreeRTOS_SourceFiles/queue.o
                0x00005b6e                xQueueCreateCountingSemaphore
 .text.xQueueGenericSend
                0x00005bac      0x13c ./FreeRTOS_SourceFiles/queue.o
                0x00005bac                xQueueGenericSend
 .text.xQueueGenericSendFromISR
                0x00005ce8       0x9a ./FreeRTOS_SourceFiles/queue.o
                0x00005ce8                xQueueGenericSendFromISR
 .text.xQueueGenericReceive
                0x00005d82      0x180 ./FreeRTOS_SourceFiles/queue.o
                0x00005d82                xQueueGenericReceive
 .text.xQueueReceiveFromISR
                0x00005f02       0x9e ./FreeRTOS_SourceFiles/queue.o
                0x00005f02                xQueueReceiveFromISR
 .text.uxQueueMessagesWaiting
                0x00005fa0       0x30 ./FreeRTOS_SourceFiles/queue.o
                0x00005fa0                uxQueueMessagesWaiting
 .text.uxQueueMessagesWaitingFromISR
                0x00005fd0       0x26 ./FreeRTOS_SourceFiles/queue.o
                0x00005fd0                uxQueueMessagesWaitingFromISR
 .text.vQueueDelete
                0x00005ff6       0x2c ./FreeRTOS_SourceFiles/queue.o
                0x00005ff6                vQueueDelete
 .text.prvCopyDataToQueue
                0x00006022      0x12a ./FreeRTOS_SourceFiles/queue.o
 .text.prvCopyDataFromQueue
                0x0000614c       0x90 ./FreeRTOS_SourceFiles/queue.o
 .text.prvUnlockQueue
                0x000061dc       0xa8 ./FreeRTOS_SourceFiles/queue.o
 .text.prvIsQueueEmpty
                0x00006284       0x38 ./FreeRTOS_SourceFiles/queue.o
 .text.xQueueIsQueueEmptyFromISR
                0x000062bc       0x2e ./FreeRTOS_SourceFiles/queue.o
                0x000062bc                xQueueIsQueueEmptyFromISR
 .text.prvIsQueueFull
                0x000062ea       0x3e ./FreeRTOS_SourceFiles/queue.o
 .text.xQueueIsQueueFullFromISR
                0x00006328       0x34 ./FreeRTOS_SourceFiles/queue.o
                0x00006328                xQueueIsQueueFullFromISR
 .text.xTaskGenericCreate
                0x0000635c      0x1da ./FreeRTOS_SourceFiles/tasks.o
                0x0000635c                xTaskGenericCreate
 .text.vTaskDelete
                0x00006536       0xc6 ./FreeRTOS_SourceFiles/tasks.o
                0x00006536                vTaskDelete
 .text.vTaskDelayUntil
                0x000065fc       0xe8 ./FreeRTOS_SourceFiles/tasks.o
                0x000065fc                vTaskDelayUntil
 .text.vTaskDelay
                0x000066e4       0x6a ./FreeRTOS_SourceFiles/tasks.o
                0x000066e4                vTaskDelay
 .text.vTaskStartScheduler
                0x0000674e       0x6e ./FreeRTOS_SourceFiles/tasks.o
                0x0000674e                vTaskStartScheduler
 .text.vTaskEndScheduler
                0x000067bc       0x18 ./FreeRTOS_SourceFiles/tasks.o
                0x000067bc                vTaskEndScheduler
 .text.vTaskSuspendAll
                0x000067d4       0x18 ./FreeRTOS_SourceFiles/tasks.o
                0x000067d4                vTaskSuspendAll
 .text.xTaskResumeAll
                0x000067ec      0x114 ./FreeRTOS_SourceFiles/tasks.o
                0x000067ec                xTaskResumeAll
 .text.xTaskGetTickCount
                0x00006900       0x2e ./FreeRTOS_SourceFiles/tasks.o
                0x00006900                xTaskGetTickCount
 .text.xTaskGetTickCountFromISR
                0x0000692e       0x2a ./FreeRTOS_SourceFiles/tasks.o
                0x0000692e                xTaskGetTickCountFromISR
 .text.uxTaskGetNumberOfTasks
                0x00006958       0x12 ./FreeRTOS_SourceFiles/tasks.o
                0x00006958                uxTaskGetNumberOfTasks
 .text.vTaskIncrementTick
                0x0000696a      0x1aa ./FreeRTOS_SourceFiles/tasks.o
                0x0000696a                vTaskIncrementTick
 .text.vTaskSwitchContext
                0x00006b14       0xcc ./FreeRTOS_SourceFiles/tasks.o
                0x00006b14                vTaskSwitchContext
 .text.vTaskPlaceOnEventList
                0x00006be0       0x6c ./FreeRTOS_SourceFiles/tasks.o
                0x00006be0                vTaskPlaceOnEventList
 .text.xTaskRemoveFromEventList
                0x00006c4c       0xd0 ./FreeRTOS_SourceFiles/tasks.o
                0x00006c4c                xTaskRemoveFromEventList
 .text.vTaskSetTimeOutState
                0x00006d1c       0x32 ./FreeRTOS_SourceFiles/tasks.o
                0x00006d1c                vTaskSetTimeOutState
 .text.xTaskCheckForTimeOut
                0x00006d4e       0xba ./FreeRTOS_SourceFiles/tasks.o
                0x00006d4e                xTaskCheckForTimeOut
 .text.vTaskMissedYield
                0x00006e08       0x14 ./FreeRTOS_SourceFiles/tasks.o
                0x00006e08                vTaskMissedYield
 .text.prvIdleTask
                0x00006e1c       0x14 ./FreeRTOS_SourceFiles/tasks.o
 .text.prvInitialiseTCBVariables
                0x00006e30       0xae ./FreeRTOS_SourceFiles/tasks.o
 .text.prvInitialiseTaskLists
                0x00006ede       0x7a ./FreeRTOS_SourceFiles/tasks.o
 .text.prvCheckTasksWaitingTermination
                0x00006f58       0x7c ./FreeRTOS_SourceFiles/tasks.o
 .text.prvAddCurrentTaskToDelayedList
                0x00006fd4       0x92 ./FreeRTOS_SourceFiles/tasks.o
 .text.prvAllocateTCBAndStack
                0x00007066       0xa0 ./FreeRTOS_SourceFiles/tasks.o
 .text.prvDeleteTCB
                0x00007106       0x2c ./FreeRTOS_SourceFiles/tasks.o
 .text.main     0x00007132      0x700 ./main.o
                0x00007132                main
 .text.__vector_3
                0x00007832       0x3a ./main.o
                0x00007832                __vector_3
 .text.libgcc   0x0000786c       0x3e e:/iti embedded/01- imt sdk/imt_sdk_win_64/winavr/bin/../lib/gcc/avr/4.3.3/avr5\libgcc.a(_mulsi3.o)
                0x0000786c                __mulsi3
 .text.libgcc   0x000078aa       0x1a e:/iti embedded/01- imt sdk/imt_sdk_win_64/winavr/bin/../lib/gcc/avr/4.3.3/avr5\libgcc.a(_divmodqi4.o)
                0x000078aa                __divmodqi4
 .text.libgcc   0x000078c4       0x36 e:/iti embedded/01- imt sdk/imt_sdk_win_64/winavr/bin/../lib/gcc/avr/4.3.3/avr5\libgcc.a(_divmodsi4.o)
                0x000078c4                __divmodsi4
 .text.libgcc   0x000078fa        0x0 e:/iti embedded/01- imt sdk/imt_sdk_win_64/winavr/bin/../lib/gcc/avr/4.3.3/avr5\libgcc.a(_exit.o)
 .text.libgcc   0x000078fa        0x0 e:/iti embedded/01- imt sdk/imt_sdk_win_64/winavr/bin/../lib/gcc/avr/4.3.3/avr5\libgcc.a(_copy_data.o)
 .text.libgcc   0x000078fa        0x0 e:/iti embedded/01- imt sdk/imt_sdk_win_64/winavr/bin/../lib/gcc/avr/4.3.3/avr5\libgcc.a(_clear_bss.o)
 .text.libgcc   0x000078fa       0x18 e:/iti embedded/01- imt sdk/imt_sdk_win_64/winavr/bin/../lib/gcc/avr/4.3.3/avr5\libgcc.a(_udivmodqi4.o)
                0x000078fa                __udivmodqi4
 .text.libgcc   0x00007912       0x44 e:/iti embedded/01- imt sdk/imt_sdk_win_64/winavr/bin/../lib/gcc/avr/4.3.3/avr5\libgcc.a(_udivmodsi4.o)
                0x00007912                __udivmodsi4
 .text.libgcc   0x00007956       0x38 e:/iti embedded/01- imt sdk/imt_sdk_win_64/winavr/bin/../lib/gcc/avr/4.3.3/avr5\libgcc.a(_prologue.o)
                0x00007956                __prologue_saves__
 .text.libgcc   0x0000798e       0x36 e:/iti embedded/01- imt sdk/imt_sdk_win_64/winavr/bin/../lib/gcc/avr/4.3.3/avr5\libgcc.a(_epilogue.o)
                0x0000798e                __epilogue_restores__
 .text.avr-libc
                0x000079c4       0x12 e:/iti embedded/01- imt sdk/imt_sdk_win_64/winavr/bin/../lib/gcc/avr/4.3.3/../../../../avr/lib/avr5\libc.a(memcpy.o)
                0x000079c4                memcpy
 .text.avr-libc
                0x000079d6        0xe e:/iti embedded/01- imt sdk/imt_sdk_win_64/winavr/bin/../lib/gcc/avr/4.3.3/../../../../avr/lib/avr5\libc.a(memset.o)
                0x000079d6                memset
 .text.avr-libc
                0x000079e4       0x12 e:/iti embedded/01- imt sdk/imt_sdk_win_64/winavr/bin/../lib/gcc/avr/4.3.3/../../../../avr/lib/avr5\libc.a(strlen.o)
                0x000079e4                strlen
 .text.avr-libc
                0x000079f6       0x1e e:/iti embedded/01- imt sdk/imt_sdk_win_64/winavr/bin/../lib/gcc/avr/4.3.3/../../../../avr/lib/avr5\libc.a(strncpy.o)
                0x000079f6                strncpy
                0x00007a14                . = ALIGN (0x2)
 *(.fini9)
 .fini9         0x00007a14        0x0 e:/iti embedded/01- imt sdk/imt_sdk_win_64/winavr/bin/../lib/gcc/avr/4.3.3/avr5\libgcc.a(_exit.o)
                0x00007a14                exit
                0x00007a14                _exit
 *(.fini9)
 *(.fini8)
 *(.fini8)
 *(.fini7)
 *(.fini7)
 *(.fini6)
 *(.fini6)
 *(.fini5)
 *(.fini5)
 *(.fini4)
 *(.fini4)
 *(.fini3)
 *(.fini3)
 *(.fini2)
 *(.fini2)
 *(.fini1)
 *(.fini1)
 *(.fini0)
 .fini0         0x00007a14        0x4 e:/iti embedded/01- imt sdk/imt_sdk_win_64/winavr/bin/../lib/gcc/avr/4.3.3/avr5\libgcc.a(_exit.o)
 *(.fini0)
                0x00007a18                _etext = .

.data           0x00800060       0xd4 load address 0x00007a18
                0x00800060                PROVIDE (__data_start, .)
 *(.data)
 .data          0x00800060        0x0 e:/iti embedded/01- imt sdk/imt_sdk_win_64/winavr/bin/../lib/gcc/avr/4.3.3/../../../../avr/lib/avr5/crtm32.o
 .data          0x00800060        0x0 ./RTOS Stack/TIMER0/TIMER0_program.o
 .data          0x00800060        0x0 ./RTOS Stack/RTOS/TMU_Program.o
 .data          0x00800060        0x0 ./RTOS Stack/GIE/GIE_program.o
 .data          0x00800060        0x0 ./MCAL/ADC/ADC.o
 .data          0x00800060        0x0 ./MCAL/DIO.o
 .data          0x00800060        0x0 ./MCAL/Ex_Interrupt.o
 .data          0x00800060        0x0 ./MCAL/SPI.o
 .data          0x00800060        0x0 ./MCAL/TIMER.o
 .data          0x00800060        0x0 ./MCAL/UART.o
 .data          0x00800060        0x0 ./MCAL/WDT.o
 .data          0x00800060        0x0 ./HAL/Keypad.o
 .data          0x00800060       0x11 ./HAL/LCD.o
 .data          0x00800071        0x0 ./HAL/MOTOR.o
 .data          0x00800071        0x0 ./HAL/Stepper.o
 .data          0x00800071        0x0 ./FreeRTOS_SourceFiles/croutine.o
 .data          0x00800071        0x0 ./FreeRTOS_SourceFiles/heap_1.o
 .data          0x00800071        0x0 ./FreeRTOS_SourceFiles/list.o
 .data          0x00800071        0x0 ./FreeRTOS_SourceFiles/port.o
 .data          0x00800071        0x0 ./FreeRTOS_SourceFiles/queue.o
 .data          0x00800071        0x5 ./FreeRTOS_SourceFiles/tasks.o
 .data          0x00800076        0x0 ./FreeRTOS_SourceFiles/timers.o
 .data          0x00800076       0x69 ./main.o
 .data          0x008000df        0x0 e:/iti embedded/01- imt sdk/imt_sdk_win_64/winavr/bin/../lib/gcc/avr/4.3.3/avr5\libgcc.a(_mulsi3.o)
 .data          0x008000df        0x0 e:/iti embedded/01- imt sdk/imt_sdk_win_64/winavr/bin/../lib/gcc/avr/4.3.3/avr5\libgcc.a(_divmodqi4.o)
 .data          0x008000df        0x0 e:/iti embedded/01- imt sdk/imt_sdk_win_64/winavr/bin/../lib/gcc/avr/4.3.3/avr5\libgcc.a(_divmodsi4.o)
 .data          0x008000df        0x0 e:/iti embedded/01- imt sdk/imt_sdk_win_64/winavr/bin/../lib/gcc/avr/4.3.3/avr5\libgcc.a(_exit.o)
 .data          0x008000df        0x0 e:/iti embedded/01- imt sdk/imt_sdk_win_64/winavr/bin/../lib/gcc/avr/4.3.3/avr5\libgcc.a(_copy_data.o)
 .data          0x008000df        0x0 e:/iti embedded/01- imt sdk/imt_sdk_win_64/winavr/bin/../lib/gcc/avr/4.3.3/avr5\libgcc.a(_clear_bss.o)
 .data          0x008000df        0x0 e:/iti embedded/01- imt sdk/imt_sdk_win_64/winavr/bin/../lib/gcc/avr/4.3.3/avr5\libgcc.a(_fixunssfsi.o)
 .data          0x008000df        0x0 e:/iti embedded/01- imt sdk/imt_sdk_win_64/winavr/bin/../lib/gcc/avr/4.3.3/avr5\libgcc.a(_addsub_sf.o)
 .data          0x008000df        0x0 e:/iti embedded/01- imt sdk/imt_sdk_win_64/winavr/bin/../lib/gcc/avr/4.3.3/avr5\libgcc.a(_mul_sf.o)
 .data          0x008000df        0x0 e:/iti embedded/01- imt sdk/imt_sdk_win_64/winavr/bin/../lib/gcc/avr/4.3.3/avr5\libgcc.a(_gt_sf.o)
 .data          0x008000df        0x0 e:/iti embedded/01- imt sdk/imt_sdk_win_64/winavr/bin/../lib/gcc/avr/4.3.3/avr5\libgcc.a(_ge_sf.o)
 .data          0x008000df        0x0 e:/iti embedded/01- imt sdk/imt_sdk_win_64/winavr/bin/../lib/gcc/avr/4.3.3/avr5\libgcc.a(_lt_sf.o)
 .data          0x008000df        0x0 e:/iti embedded/01- imt sdk/imt_sdk_win_64/winavr/bin/../lib/gcc/avr/4.3.3/avr5\libgcc.a(_sf_to_si.o)
 .data          0x008000df        0x8 e:/iti embedded/01- imt sdk/imt_sdk_win_64/winavr/bin/../lib/gcc/avr/4.3.3/avr5\libgcc.a(_thenan_sf.o)
                0x008000df                __thenan_sf
 .data          0x008000e7        0x0 e:/iti embedded/01- imt sdk/imt_sdk_win_64/winavr/bin/../lib/gcc/avr/4.3.3/avr5\libgcc.a(_udivmodqi4.o)
 .data          0x008000e7        0x0 e:/iti embedded/01- imt sdk/imt_sdk_win_64/winavr/bin/../lib/gcc/avr/4.3.3/avr5\libgcc.a(_udivmodsi4.o)
 .data          0x008000e7        0x0 e:/iti embedded/01- imt sdk/imt_sdk_win_64/winavr/bin/../lib/gcc/avr/4.3.3/avr5\libgcc.a(_prologue.o)
 .data          0x008000e7        0x0 e:/iti embedded/01- imt sdk/imt_sdk_win_64/winavr/bin/../lib/gcc/avr/4.3.3/avr5\libgcc.a(_epilogue.o)
 .data          0x008000e7        0x0 e:/iti embedded/01- imt sdk/imt_sdk_win_64/winavr/bin/../lib/gcc/avr/4.3.3/avr5\libgcc.a(_pack_sf.o)
 .data          0x008000e7        0x0 e:/iti embedded/01- imt sdk/imt_sdk_win_64/winavr/bin/../lib/gcc/avr/4.3.3/avr5\libgcc.a(_unpack_sf.o)
 .data          0x008000e7        0x0 e:/iti embedded/01- imt sdk/imt_sdk_win_64/winavr/bin/../lib/gcc/avr/4.3.3/avr5\libgcc.a(_fpcmp_parts_sf.o)
 .data          0x008000e7        0x0 e:/iti embedded/01- imt sdk/imt_sdk_win_64/winavr/bin/../lib/gcc/avr/4.3.3/../../../../avr/lib/avr5\libc.a(memcpy.o)
 .data          0x008000e7        0x0 e:/iti embedded/01- imt sdk/imt_sdk_win_64/winavr/bin/../lib/gcc/avr/4.3.3/../../../../avr/lib/avr5\libc.a(memset.o)
 .data          0x008000e7        0x0 e:/iti embedded/01- imt sdk/imt_sdk_win_64/winavr/bin/../lib/gcc/avr/4.3.3/../../../../avr/lib/avr5\libc.a(strlen.o)
 .data          0x008000e7        0x0 e:/iti embedded/01- imt sdk/imt_sdk_win_64/winavr/bin/../lib/gcc/avr/4.3.3/../../../../avr/lib/avr5\libc.a(strncpy.o)
 *(.data*)
 .data.PinsStatusArray
                0x008000e7       0x20 ./MCAL/DIO.o
                0x008000e7                PinsStatusArray
 .data.xNextTaskUnblockTime
                0x00800107        0x2 ./FreeRTOS_SourceFiles/tasks.o
 .data.seven    0x00800109        0xa ./main.o
 .data.i        0x00800113        0x1 ./main.o
                0x00800113                i
 *(.rodata)
 *(.rodata*)
 .rodata.sss    0x00800114       0x10 ./HAL/Keypad.o
 .rodata.MotorPinsArray
                0x00800124       0x10 ./HAL/MOTOR.o
                0x00800124                MotorPinsArray
 *(.gnu.linkonce.d*)
                0x00800134                . = ALIGN (0x2)
                0x00800134                _edata = .
                0x00800134                PROVIDE (__data_end, .)

.bss            0x00800134      0x479
                0x00800134                PROVIDE (__bss_start, .)
 *(.bss)
 .bss           0x00800134        0x0 e:/iti embedded/01- imt sdk/imt_sdk_win_64/winavr/bin/../lib/gcc/avr/4.3.3/../../../../avr/lib/avr5/crtm32.o
 .bss           0x00800134        0x0 ./RTOS Stack/TIMER0/TIMER0_program.o
 .bss           0x00800134        0x0 ./RTOS Stack/RTOS/TMU_Program.o
 .bss           0x00800134        0x0 ./RTOS Stack/GIE/GIE_program.o
 .bss           0x00800134        0x0 ./MCAL/ADC/ADC.o
 .bss           0x00800134        0x0 ./MCAL/DIO.o
 .bss           0x00800134        0x0 ./MCAL/Ex_Interrupt.o
 .bss           0x00800134        0x0 ./MCAL/SPI.o
 .bss           0x00800134        0x0 ./MCAL/TIMER.o
 .bss           0x00800134        0x0 ./MCAL/UART.o
 .bss           0x00800134        0x0 ./MCAL/WDT.o
 .bss           0x00800134        0x0 ./HAL/Keypad.o
 .bss           0x00800134        0x0 ./HAL/LCD.o
 .bss           0x00800134        0x0 ./HAL/MOTOR.o
 .bss           0x00800134        0x0 ./HAL/Stepper.o
 .bss           0x00800134        0x0 ./FreeRTOS_SourceFiles/croutine.o
 .bss           0x00800134        0x0 ./FreeRTOS_SourceFiles/heap_1.o
 .bss           0x00800134        0x0 ./FreeRTOS_SourceFiles/list.o
 .bss           0x00800134        0x0 ./FreeRTOS_SourceFiles/port.o
 .bss           0x00800134        0x0 ./FreeRTOS_SourceFiles/queue.o
 .bss           0x00800134        0x0 ./FreeRTOS_SourceFiles/tasks.o
 .bss           0x00800134        0x0 ./FreeRTOS_SourceFiles/timers.o
 .bss           0x00800134        0x0 ./main.o
 .bss           0x00800134        0x0 e:/iti embedded/01- imt sdk/imt_sdk_win_64/winavr/bin/../lib/gcc/avr/4.3.3/avr5\libgcc.a(_mulsi3.o)
 .bss           0x00800134        0x0 e:/iti embedded/01- imt sdk/imt_sdk_win_64/winavr/bin/../lib/gcc/avr/4.3.3/avr5\libgcc.a(_divmodqi4.o)
 .bss           0x00800134        0x0 e:/iti embedded/01- imt sdk/imt_sdk_win_64/winavr/bin/../lib/gcc/avr/4.3.3/avr5\libgcc.a(_divmodsi4.o)
 .bss           0x00800134        0x0 e:/iti embedded/01- imt sdk/imt_sdk_win_64/winavr/bin/../lib/gcc/avr/4.3.3/avr5\libgcc.a(_exit.o)
 .bss           0x00800134        0x0 e:/iti embedded/01- imt sdk/imt_sdk_win_64/winavr/bin/../lib/gcc/avr/4.3.3/avr5\libgcc.a(_copy_data.o)
 .bss           0x00800134        0x0 e:/iti embedded/01- imt sdk/imt_sdk_win_64/winavr/bin/../lib/gcc/avr/4.3.3/avr5\libgcc.a(_clear_bss.o)
 .bss           0x00800134        0x0 e:/iti embedded/01- imt sdk/imt_sdk_win_64/winavr/bin/../lib/gcc/avr/4.3.3/avr5\libgcc.a(_fixunssfsi.o)
 .bss           0x00800134        0x0 e:/iti embedded/01- imt sdk/imt_sdk_win_64/winavr/bin/../lib/gcc/avr/4.3.3/avr5\libgcc.a(_addsub_sf.o)
 .bss           0x00800134        0x0 e:/iti embedded/01- imt sdk/imt_sdk_win_64/winavr/bin/../lib/gcc/avr/4.3.3/avr5\libgcc.a(_mul_sf.o)
 .bss           0x00800134        0x0 e:/iti embedded/01- imt sdk/imt_sdk_win_64/winavr/bin/../lib/gcc/avr/4.3.3/avr5\libgcc.a(_gt_sf.o)
 .bss           0x00800134        0x0 e:/iti embedded/01- imt sdk/imt_sdk_win_64/winavr/bin/../lib/gcc/avr/4.3.3/avr5\libgcc.a(_ge_sf.o)
 .bss           0x00800134        0x0 e:/iti embedded/01- imt sdk/imt_sdk_win_64/winavr/bin/../lib/gcc/avr/4.3.3/avr5\libgcc.a(_lt_sf.o)
 .bss           0x00800134        0x0 e:/iti embedded/01- imt sdk/imt_sdk_win_64/winavr/bin/../lib/gcc/avr/4.3.3/avr5\libgcc.a(_sf_to_si.o)
 .bss           0x00800134        0x0 e:/iti embedded/01- imt sdk/imt_sdk_win_64/winavr/bin/../lib/gcc/avr/4.3.3/avr5\libgcc.a(_thenan_sf.o)
 .bss           0x00800134        0x0 e:/iti embedded/01- imt sdk/imt_sdk_win_64/winavr/bin/../lib/gcc/avr/4.3.3/avr5\libgcc.a(_udivmodqi4.o)
 .bss           0x00800134        0x0 e:/iti embedded/01- imt sdk/imt_sdk_win_64/winavr/bin/../lib/gcc/avr/4.3.3/avr5\libgcc.a(_udivmodsi4.o)
 .bss           0x00800134        0x0 e:/iti embedded/01- imt sdk/imt_sdk_win_64/winavr/bin/../lib/gcc/avr/4.3.3/avr5\libgcc.a(_prologue.o)
 .bss           0x00800134        0x0 e:/iti embedded/01- imt sdk/imt_sdk_win_64/winavr/bin/../lib/gcc/avr/4.3.3/avr5\libgcc.a(_epilogue.o)
 .bss           0x00800134        0x0 e:/iti embedded/01- imt sdk/imt_sdk_win_64/winavr/bin/../lib/gcc/avr/4.3.3/avr5\libgcc.a(_pack_sf.o)
 .bss           0x00800134        0x0 e:/iti embedded/01- imt sdk/imt_sdk_win_64/winavr/bin/../lib/gcc/avr/4.3.3/avr5\libgcc.a(_unpack_sf.o)
 .bss           0x00800134        0x0 e:/iti embedded/01- imt sdk/imt_sdk_win_64/winavr/bin/../lib/gcc/avr/4.3.3/avr5\libgcc.a(_fpcmp_parts_sf.o)
 .bss           0x00800134        0x0 e:/iti embedded/01- imt sdk/imt_sdk_win_64/winavr/bin/../lib/gcc/avr/4.3.3/../../../../avr/lib/avr5\libc.a(memcpy.o)
 .bss           0x00800134        0x0 e:/iti embedded/01- imt sdk/imt_sdk_win_64/winavr/bin/../lib/gcc/avr/4.3.3/../../../../avr/lib/avr5\libc.a(memset.o)
 .bss           0x00800134        0x0 e:/iti embedded/01- imt sdk/imt_sdk_win_64/winavr/bin/../lib/gcc/avr/4.3.3/../../../../avr/lib/avr5\libc.a(strlen.o)
 .bss           0x00800134        0x0 e:/iti embedded/01- imt sdk/imt_sdk_win_64/winavr/bin/../lib/gcc/avr/4.3.3/../../../../avr/lib/avr5\libc.a(strncpy.o)
 *(.bss*)
 .bss.TIMER0_pvCompCallBackFunc
                0x00800134        0x2 ./RTOS Stack/TIMER0/TIMER0_program.o
 .bss.ADC_flag  0x00800136        0x1 ./MCAL/ADC/ADC.o
 .bss.pxCurrentCoRoutine
                0x00800137        0x2 ./FreeRTOS_SourceFiles/croutine.o
                0x00800137                pxCurrentCoRoutine
 .bss.uxTopCoRoutineReadyPriority
                0x00800139        0x1 ./FreeRTOS_SourceFiles/croutine.o
 .bss.xCoRoutineTickCount
                0x0080013a        0x2 ./FreeRTOS_SourceFiles/croutine.o
 .bss.xLastTickCount
                0x0080013c        0x2 ./FreeRTOS_SourceFiles/croutine.o
 .bss.xPassedTicks
                0x0080013e        0x2 ./FreeRTOS_SourceFiles/croutine.o
 .bss.pxReadyCoRoutineLists
                0x00800140       0x12 ./FreeRTOS_SourceFiles/croutine.o
 .bss.xDelayedCoRoutineList1
                0x00800152        0x9 ./FreeRTOS_SourceFiles/croutine.o
 .bss.xDelayedCoRoutineList2
                0x0080015b        0x9 ./FreeRTOS_SourceFiles/croutine.o
 .bss.pxDelayedCoRoutineList
                0x00800164        0x2 ./FreeRTOS_SourceFiles/croutine.o
 .bss.pxOverflowDelayedCoRoutineList
                0x00800166        0x2 ./FreeRTOS_SourceFiles/croutine.o
 .bss.xPendingReadyCoRoutineList
                0x00800168        0x9 ./FreeRTOS_SourceFiles/croutine.o
 .bss.xNextFreeByte
                0x00800171        0x2 ./FreeRTOS_SourceFiles/heap_1.o
 .bss.xHeap     0x00800173      0x3e8 ./FreeRTOS_SourceFiles/heap_1.o
 .bss.pxCurrentTCB
                0x0080055b        0x2 ./FreeRTOS_SourceFiles/tasks.o
                0x0080055b                pxCurrentTCB
 .bss.uxTasksDeleted
                0x0080055d        0x1 ./FreeRTOS_SourceFiles/tasks.o
 .bss.uxCurrentNumberOfTasks
                0x0080055e        0x1 ./FreeRTOS_SourceFiles/tasks.o
 .bss.xTickCount
                0x0080055f        0x2 ./FreeRTOS_SourceFiles/tasks.o
 .bss.uxTopUsedPriority
                0x00800561        0x1 ./FreeRTOS_SourceFiles/tasks.o
 .bss.uxTopReadyPriority
                0x00800562        0x1 ./FreeRTOS_SourceFiles/tasks.o
 .bss.xSchedulerRunning
                0x00800563        0x1 ./FreeRTOS_SourceFiles/tasks.o
 .bss.uxSchedulerSuspended
                0x00800564        0x1 ./FreeRTOS_SourceFiles/tasks.o
 .bss.uxMissedTicks
                0x00800565        0x1 ./FreeRTOS_SourceFiles/tasks.o
 .bss.xMissedYield
                0x00800566        0x1 ./FreeRTOS_SourceFiles/tasks.o
 .bss.xNumOfOverflows
                0x00800567        0x1 ./FreeRTOS_SourceFiles/tasks.o
 .bss.uxTaskNumber
                0x00800568        0x1 ./FreeRTOS_SourceFiles/tasks.o
 .bss.pxReadyTasksLists
                0x00800569       0x1b ./FreeRTOS_SourceFiles/tasks.o
 .bss.xDelayedTaskList1
                0x00800584        0x9 ./FreeRTOS_SourceFiles/tasks.o
 .bss.xDelayedTaskList2
                0x0080058d        0x9 ./FreeRTOS_SourceFiles/tasks.o
 .bss.pxDelayedTaskList
                0x00800596        0x2 ./FreeRTOS_SourceFiles/tasks.o
 .bss.pxOverflowDelayedTaskList
                0x00800598        0x2 ./FreeRTOS_SourceFiles/tasks.o
 .bss.xPendingReadyList
                0x0080059a        0x9 ./FreeRTOS_SourceFiles/tasks.o
 .bss.xTasksWaitingTermination
                0x008005a3        0x9 ./FreeRTOS_SourceFiles/tasks.o
 .bss.flag      0x008005ac        0x1 ./main.o
                0x008005ac                flag
 *(COMMON)
                0x008005ad                PROVIDE (__bss_end, .)
                0x00007a18                __data_load_start = LOADADDR (.data)
                0x00007aec                __data_load_end = (__data_load_start + SIZEOF (.data))

.noinit         0x008005ad        0x0
                0x008005ad                PROVIDE (__noinit_start, .)
 *(.noinit*)
                0x008005ad                PROVIDE (__noinit_end, .)
                0x008005ad                _end = .
                0x008005ad                PROVIDE (__heap_start, .)

.eeprom         0x00810000        0x0
 *(.eeprom*)
                0x00810000                __eeprom_end = .

.fuse
 *(.fuse)
 *(.lfuse)
 *(.hfuse)
 *(.efuse)

.lock
 *(.lock*)

.signature
 *(.signature*)

.stab           0x00000000     0x981c
 *(.stab)
 .stab          0x00000000      0x2a0 ./RTOS Stack/TIMER0/TIMER0_program.o
 .stab          0x000002a0       0xd8 ./RTOS Stack/RTOS/TMU_Program.o
                                 0xe4 (size before relaxing)
 .stab          0x00000378      0x1b0 ./RTOS Stack/GIE/GIE_program.o
                                0x1bc (size before relaxing)
 .stab          0x00000528      0x6d8 ./MCAL/ADC/ADC.o
                                0x6e4 (size before relaxing)
 .stab          0x00000c00      0x768 ./MCAL/DIO.o
                                0x924 (size before relaxing)
 .stab          0x00001368      0x444 ./MCAL/Ex_Interrupt.o
                                0x6d8 (size before relaxing)
 .stab          0x000017ac      0x1c8 ./MCAL/SPI.o
                                0x3f0 (size before relaxing)
 .stab          0x00001974      0x378 ./MCAL/TIMER.o
                                0x5a0 (size before relaxing)
 .stab          0x00001cec      0x3a8 ./MCAL/UART.o
                                0x5d0 (size before relaxing)
 .stab          0x00002094      0x204 ./MCAL/WDT.o
                                0x42c (size before relaxing)
 .stab          0x00002298      0x360 ./HAL/Keypad.o
                                0x51c (size before relaxing)
 .stab          0x000025f8      0xd44 ./HAL/LCD.o
                                0xfd8 (size before relaxing)
 .stab          0x0000333c      0x240 ./HAL/MOTOR.o
                                0x4d4 (size before relaxing)
 .stab          0x0000357c     0x1a58 ./HAL/Stepper.o
                               0x1cec (size before relaxing)
 .stab          0x00004fd4      0x984 ./FreeRTOS_SourceFiles/croutine.o
                                0xb40 (size before relaxing)
 .stab          0x00005958      0x354 ./FreeRTOS_SourceFiles/heap_1.o
                                0x624 (size before relaxing)
 .stab          0x00005cac      0x474 ./FreeRTOS_SourceFiles/list.o
                                0x750 (size before relaxing)
 .stab          0x00006120      0x840 ./FreeRTOS_SourceFiles/port.o
                                0xb70 (size before relaxing)
 .stab          0x00006960      0xf24 ./FreeRTOS_SourceFiles/queue.o
                               0x1260 (size before relaxing)
 .stab          0x00007884     0x1578 ./FreeRTOS_SourceFiles/tasks.o
                               0x17d0 (size before relaxing)
 .stab          0x00008dfc      0x1c8 ./FreeRTOS_SourceFiles/timers.o
                                0x4c8 (size before relaxing)
 .stab          0x00008fc4      0x858 ./main.o
                                0xb88 (size before relaxing)

.stabstr        0x00000000     0x42b0
 *(.stabstr)
 .stabstr       0x00000000     0x42b0 ./RTOS Stack/TIMER0/TIMER0_program.o

.stab.excl
 *(.stab.excl)

.stab.exclstr
 *(.stab.exclstr)

.stab.index
 *(.stab.index)

.stab.indexstr
 *(.stab.indexstr)

.comment
 *(.comment)

.debug
 *(.debug)

.line
 *(.line)

.debug_srcinfo
 *(.debug_srcinfo)

.debug_sfnames
 *(.debug_sfnames)

.debug_aranges  0x00000000      0x140
 *(.debug_aranges)
 .debug_aranges
                0x00000000       0x20 e:/iti embedded/01- imt sdk/imt_sdk_win_64/winavr/bin/../lib/gcc/avr/4.3.3/avr5\libgcc.a(_fixunssfsi.o)
 .debug_aranges
                0x00000020       0x20 e:/iti embedded/01- imt sdk/imt_sdk_win_64/winavr/bin/../lib/gcc/avr/4.3.3/avr5\libgcc.a(_addsub_sf.o)
 .debug_aranges
                0x00000040       0x20 e:/iti embedded/01- imt sdk/imt_sdk_win_64/winavr/bin/../lib/gcc/avr/4.3.3/avr5\libgcc.a(_mul_sf.o)
 .debug_aranges
                0x00000060       0x20 e:/iti embedded/01- imt sdk/imt_sdk_win_64/winavr/bin/../lib/gcc/avr/4.3.3/avr5\libgcc.a(_gt_sf.o)
 .debug_aranges
                0x00000080       0x20 e:/iti embedded/01- imt sdk/imt_sdk_win_64/winavr/bin/../lib/gcc/avr/4.3.3/avr5\libgcc.a(_ge_sf.o)
 .debug_aranges
                0x000000a0       0x20 e:/iti embedded/01- imt sdk/imt_sdk_win_64/winavr/bin/../lib/gcc/avr/4.3.3/avr5\libgcc.a(_lt_sf.o)
 .debug_aranges
                0x000000c0       0x20 e:/iti embedded/01- imt sdk/imt_sdk_win_64/winavr/bin/../lib/gcc/avr/4.3.3/avr5\libgcc.a(_sf_to_si.o)
 .debug_aranges
                0x000000e0       0x20 e:/iti embedded/01- imt sdk/imt_sdk_win_64/winavr/bin/../lib/gcc/avr/4.3.3/avr5\libgcc.a(_pack_sf.o)
 .debug_aranges
                0x00000100       0x20 e:/iti embedded/01- imt sdk/imt_sdk_win_64/winavr/bin/../lib/gcc/avr/4.3.3/avr5\libgcc.a(_unpack_sf.o)
 .debug_aranges
                0x00000120       0x20 e:/iti embedded/01- imt sdk/imt_sdk_win_64/winavr/bin/../lib/gcc/avr/4.3.3/avr5\libgcc.a(_fpcmp_parts_sf.o)

.debug_pubnames
                0x00000000      0x170
 *(.debug_pubnames)
 .debug_pubnames
                0x00000000       0x23 e:/iti embedded/01- imt sdk/imt_sdk_win_64/winavr/bin/../lib/gcc/avr/4.3.3/avr5\libgcc.a(_fixunssfsi.o)
 .debug_pubnames
                0x00000023       0x2c e:/iti embedded/01- imt sdk/imt_sdk_win_64/winavr/bin/../lib/gcc/avr/4.3.3/avr5\libgcc.a(_addsub_sf.o)
 .debug_pubnames
                0x0000004f       0x1f e:/iti embedded/01- imt sdk/imt_sdk_win_64/winavr/bin/../lib/gcc/avr/4.3.3/avr5\libgcc.a(_mul_sf.o)
 .debug_pubnames
                0x0000006e       0x1e e:/iti embedded/01- imt sdk/imt_sdk_win_64/winavr/bin/../lib/gcc/avr/4.3.3/avr5\libgcc.a(_gt_sf.o)
 .debug_pubnames
                0x0000008c       0x1e e:/iti embedded/01- imt sdk/imt_sdk_win_64/winavr/bin/../lib/gcc/avr/4.3.3/avr5\libgcc.a(_ge_sf.o)
 .debug_pubnames
                0x000000aa       0x1e e:/iti embedded/01- imt sdk/imt_sdk_win_64/winavr/bin/../lib/gcc/avr/4.3.3/avr5\libgcc.a(_lt_sf.o)
 .debug_pubnames
                0x000000c8       0x20 e:/iti embedded/01- imt sdk/imt_sdk_win_64/winavr/bin/../lib/gcc/avr/4.3.3/avr5\libgcc.a(_sf_to_si.o)
 .debug_pubnames
                0x000000e8       0x22 e:/iti embedded/01- imt sdk/imt_sdk_win_64/winavr/bin/../lib/gcc/avr/4.3.3/avr5\libgcc.a(_thenan_sf.o)
 .debug_pubnames
                0x0000010a       0x1f e:/iti embedded/01- imt sdk/imt_sdk_win_64/winavr/bin/../lib/gcc/avr/4.3.3/avr5\libgcc.a(_pack_sf.o)
 .debug_pubnames
                0x00000129       0x21 e:/iti embedded/01- imt sdk/imt_sdk_win_64/winavr/bin/../lib/gcc/avr/4.3.3/avr5\libgcc.a(_unpack_sf.o)
 .debug_pubnames
                0x0000014a       0x26 e:/iti embedded/01- imt sdk/imt_sdk_win_64/winavr/bin/../lib/gcc/avr/4.3.3/avr5\libgcc.a(_fpcmp_parts_sf.o)

.debug_info     0x00000000     0x1c49
 *(.debug_info)
 .debug_info    0x00000000       0xb1 e:/iti embedded/01- imt sdk/imt_sdk_win_64/winavr/bin/../lib/gcc/avr/4.3.3/avr5\libgcc.a(_fixunssfsi.o)
 .debug_info    0x000000b1      0x47a e:/iti embedded/01- imt sdk/imt_sdk_win_64/winavr/bin/../lib/gcc/avr/4.3.3/avr5\libgcc.a(_addsub_sf.o)
 .debug_info    0x0000052b      0x485 e:/iti embedded/01- imt sdk/imt_sdk_win_64/winavr/bin/../lib/gcc/avr/4.3.3/avr5\libgcc.a(_mul_sf.o)
 .debug_info    0x000009b0      0x27f e:/iti embedded/01- imt sdk/imt_sdk_win_64/winavr/bin/../lib/gcc/avr/4.3.3/avr5\libgcc.a(_gt_sf.o)
 .debug_info    0x00000c2f      0x27f e:/iti embedded/01- imt sdk/imt_sdk_win_64/winavr/bin/../lib/gcc/avr/4.3.3/avr5\libgcc.a(_ge_sf.o)
 .debug_info    0x00000eae      0x27f e:/iti embedded/01- imt sdk/imt_sdk_win_64/winavr/bin/../lib/gcc/avr/4.3.3/avr5\libgcc.a(_lt_sf.o)
 .debug_info    0x0000112d      0x2b0 e:/iti embedded/01- imt sdk/imt_sdk_win_64/winavr/bin/../lib/gcc/avr/4.3.3/avr5\libgcc.a(_sf_to_si.o)
 .debug_info    0x000013dd      0x12c e:/iti embedded/01- imt sdk/imt_sdk_win_64/winavr/bin/../lib/gcc/avr/4.3.3/avr5\libgcc.a(_thenan_sf.o)
 .debug_info    0x00001509      0x2df e:/iti embedded/01- imt sdk/imt_sdk_win_64/winavr/bin/../lib/gcc/avr/4.3.3/avr5\libgcc.a(_pack_sf.o)
 .debug_info    0x000017e8      0x251 e:/iti embedded/01- imt sdk/imt_sdk_win_64/winavr/bin/../lib/gcc/avr/4.3.3/avr5\libgcc.a(_unpack_sf.o)
 .debug_info    0x00001a39      0x210 e:/iti embedded/01- imt sdk/imt_sdk_win_64/winavr/bin/../lib/gcc/avr/4.3.3/avr5\libgcc.a(_fpcmp_parts_sf.o)
 *(.gnu.linkonce.wi.*)

.debug_abbrev   0x00000000      0xeeb
 *(.debug_abbrev)
 .debug_abbrev  0x00000000       0x5d e:/iti embedded/01- imt sdk/imt_sdk_win_64/winavr/bin/../lib/gcc/avr/4.3.3/avr5\libgcc.a(_fixunssfsi.o)
 .debug_abbrev  0x0000005d      0x1ea e:/iti embedded/01- imt sdk/imt_sdk_win_64/winavr/bin/../lib/gcc/avr/4.3.3/avr5\libgcc.a(_addsub_sf.o)
 .debug_abbrev  0x00000247      0x21b e:/iti embedded/01- imt sdk/imt_sdk_win_64/winavr/bin/../lib/gcc/avr/4.3.3/avr5\libgcc.a(_mul_sf.o)
 .debug_abbrev  0x00000462      0x15a e:/iti embedded/01- imt sdk/imt_sdk_win_64/winavr/bin/../lib/gcc/avr/4.3.3/avr5\libgcc.a(_gt_sf.o)
 .debug_abbrev  0x000005bc      0x15a e:/iti embedded/01- imt sdk/imt_sdk_win_64/winavr/bin/../lib/gcc/avr/4.3.3/avr5\libgcc.a(_ge_sf.o)
 .debug_abbrev  0x00000716      0x15a e:/iti embedded/01- imt sdk/imt_sdk_win_64/winavr/bin/../lib/gcc/avr/4.3.3/avr5\libgcc.a(_lt_sf.o)
 .debug_abbrev  0x00000870      0x17f e:/iti embedded/01- imt sdk/imt_sdk_win_64/winavr/bin/../lib/gcc/avr/4.3.3/avr5\libgcc.a(_sf_to_si.o)
 .debug_abbrev  0x000009ef       0xad e:/iti embedded/01- imt sdk/imt_sdk_win_64/winavr/bin/../lib/gcc/avr/4.3.3/avr5\libgcc.a(_thenan_sf.o)
 .debug_abbrev  0x00000a9c      0x1c0 e:/iti embedded/01- imt sdk/imt_sdk_win_64/winavr/bin/../lib/gcc/avr/4.3.3/avr5\libgcc.a(_pack_sf.o)
 .debug_abbrev  0x00000c5c      0x154 e:/iti embedded/01- imt sdk/imt_sdk_win_64/winavr/bin/../lib/gcc/avr/4.3.3/avr5\libgcc.a(_unpack_sf.o)
 .debug_abbrev  0x00000db0      0x13b e:/iti embedded/01- imt sdk/imt_sdk_win_64/winavr/bin/../lib/gcc/avr/4.3.3/avr5\libgcc.a(_fpcmp_parts_sf.o)

.debug_line     0x00000000      0xdad
 *(.debug_line)
 .debug_line    0x00000000       0xa7 e:/iti embedded/01- imt sdk/imt_sdk_win_64/winavr/bin/../lib/gcc/avr/4.3.3/avr5\libgcc.a(_fixunssfsi.o)
 .debug_line    0x000000a7      0x2af e:/iti embedded/01- imt sdk/imt_sdk_win_64/winavr/bin/../lib/gcc/avr/4.3.3/avr5\libgcc.a(_addsub_sf.o)
 .debug_line    0x00000356      0x239 e:/iti embedded/01- imt sdk/imt_sdk_win_64/winavr/bin/../lib/gcc/avr/4.3.3/avr5\libgcc.a(_mul_sf.o)
 .debug_line    0x0000058f       0xd3 e:/iti embedded/01- imt sdk/imt_sdk_win_64/winavr/bin/../lib/gcc/avr/4.3.3/avr5\libgcc.a(_gt_sf.o)
 .debug_line    0x00000662       0xd3 e:/iti embedded/01- imt sdk/imt_sdk_win_64/winavr/bin/../lib/gcc/avr/4.3.3/avr5\libgcc.a(_ge_sf.o)
 .debug_line    0x00000735       0xd3 e:/iti embedded/01- imt sdk/imt_sdk_win_64/winavr/bin/../lib/gcc/avr/4.3.3/avr5\libgcc.a(_lt_sf.o)
 .debug_line    0x00000808      0x109 e:/iti embedded/01- imt sdk/imt_sdk_win_64/winavr/bin/../lib/gcc/avr/4.3.3/avr5\libgcc.a(_sf_to_si.o)
 .debug_line    0x00000911       0x90 e:/iti embedded/01- imt sdk/imt_sdk_win_64/winavr/bin/../lib/gcc/avr/4.3.3/avr5\libgcc.a(_thenan_sf.o)
 .debug_line    0x000009a1      0x18a e:/iti embedded/01- imt sdk/imt_sdk_win_64/winavr/bin/../lib/gcc/avr/4.3.3/avr5\libgcc.a(_pack_sf.o)
 .debug_line    0x00000b2b      0x14b e:/iti embedded/01- imt sdk/imt_sdk_win_64/winavr/bin/../lib/gcc/avr/4.3.3/avr5\libgcc.a(_unpack_sf.o)
 .debug_line    0x00000c76      0x137 e:/iti embedded/01- imt sdk/imt_sdk_win_64/winavr/bin/../lib/gcc/avr/4.3.3/avr5\libgcc.a(_fpcmp_parts_sf.o)

.debug_frame    0x00000000      0x160
 *(.debug_frame)
 .debug_frame   0x00000000       0x20 e:/iti embedded/01- imt sdk/imt_sdk_win_64/winavr/bin/../lib/gcc/avr/4.3.3/avr5\libgcc.a(_fixunssfsi.o)
 .debug_frame   0x00000020       0x40 e:/iti embedded/01- imt sdk/imt_sdk_win_64/winavr/bin/../lib/gcc/avr/4.3.3/avr5\libgcc.a(_addsub_sf.o)
 .debug_frame   0x00000060       0x20 e:/iti embedded/01- imt sdk/imt_sdk_win_64/winavr/bin/../lib/gcc/avr/4.3.3/avr5\libgcc.a(_mul_sf.o)
 .debug_frame   0x00000080       0x20 e:/iti embedded/01- imt sdk/imt_sdk_win_64/winavr/bin/../lib/gcc/avr/4.3.3/avr5\libgcc.a(_gt_sf.o)
 .debug_frame   0x000000a0       0x20 e:/iti embedded/01- imt sdk/imt_sdk_win_64/winavr/bin/../lib/gcc/avr/4.3.3/avr5\libgcc.a(_ge_sf.o)
 .debug_frame   0x000000c0       0x20 e:/iti embedded/01- imt sdk/imt_sdk_win_64/winavr/bin/../lib/gcc/avr/4.3.3/avr5\libgcc.a(_lt_sf.o)
 .debug_frame   0x000000e0       0x20 e:/iti embedded/01- imt sdk/imt_sdk_win_64/winavr/bin/../lib/gcc/avr/4.3.3/avr5\libgcc.a(_sf_to_si.o)
 .debug_frame   0x00000100       0x20 e:/iti embedded/01- imt sdk/imt_sdk_win_64/winavr/bin/../lib/gcc/avr/4.3.3/avr5\libgcc.a(_pack_sf.o)
 .debug_frame   0x00000120       0x20 e:/iti embedded/01- imt sdk/imt_sdk_win_64/winavr/bin/../lib/gcc/avr/4.3.3/avr5\libgcc.a(_unpack_sf.o)
 .debug_frame   0x00000140       0x20 e:/iti embedded/01- imt sdk/imt_sdk_win_64/winavr/bin/../lib/gcc/avr/4.3.3/avr5\libgcc.a(_fpcmp_parts_sf.o)

.debug_str      0x00000000      0x28d
 *(.debug_str)
 .debug_str     0x00000000       0xbf e:/iti embedded/01- imt sdk/imt_sdk_win_64/winavr/bin/../lib/gcc/avr/4.3.3/avr5\libgcc.a(_fixunssfsi.o)
                                 0xfe (size before relaxing)
 .debug_str     0x000000bf      0x14d e:/iti embedded/01- imt sdk/imt_sdk_win_64/winavr/bin/../lib/gcc/avr/4.3.3/avr5\libgcc.a(_addsub_sf.o)
                                0x206 (size before relaxing)
 .debug_str     0x0000020c       0x27 e:/iti embedded/01- imt sdk/imt_sdk_win_64/winavr/bin/../lib/gcc/avr/4.3.3/avr5\libgcc.a(_mul_sf.o)
                                0x1bf (size before relaxing)
 .debug_str     0x00000233        0xf e:/iti embedded/01- imt sdk/imt_sdk_win_64/winavr/bin/../lib/gcc/avr/4.3.3/avr5\libgcc.a(_gt_sf.o)
                                0x195 (size before relaxing)
 .debug_str     0x00000242        0x8 e:/iti embedded/01- imt sdk/imt_sdk_win_64/winavr/bin/../lib/gcc/avr/4.3.3/avr5\libgcc.a(_ge_sf.o)
                                0x195 (size before relaxing)
 .debug_str     0x0000024a        0x8 e:/iti embedded/01- imt sdk/imt_sdk_win_64/winavr/bin/../lib/gcc/avr/4.3.3/avr5\libgcc.a(_lt_sf.o)
                                0x195 (size before relaxing)
 .debug_str     0x00000252        0xa e:/iti embedded/01- imt sdk/imt_sdk_win_64/winavr/bin/../lib/gcc/avr/4.3.3/avr5\libgcc.a(_sf_to_si.o)
                                0x19e (size before relaxing)
 .debug_str     0x00000000      0x103 e:/iti embedded/01- imt sdk/imt_sdk_win_64/winavr/bin/../lib/gcc/avr/4.3.3/avr5\libgcc.a(_thenan_sf.o)
 .debug_str     0x0000025c       0x16 e:/iti embedded/01- imt sdk/imt_sdk_win_64/winavr/bin/../lib/gcc/avr/4.3.3/avr5\libgcc.a(_pack_sf.o)
                                0x19d (size before relaxing)
 .debug_str     0x00000272        0xb e:/iti embedded/01- imt sdk/imt_sdk_win_64/winavr/bin/../lib/gcc/avr/4.3.3/avr5\libgcc.a(_unpack_sf.o)
                                0x17f (size before relaxing)
 .debug_str     0x0000027d       0x10 e:/iti embedded/01- imt sdk/imt_sdk_win_64/winavr/bin/../lib/gcc/avr/4.3.3/avr5\libgcc.a(_fpcmp_parts_sf.o)
                                0x163 (size before relaxing)

.debug_loc      0x00000000      0x7ce
 *(.debug_loc)
 .debug_loc     0x00000000       0x34 e:/iti embedded/01- imt sdk/imt_sdk_win_64/winavr/bin/../lib/gcc/avr/4.3.3/avr5\libgcc.a(_fixunssfsi.o)
 .debug_loc     0x00000034      0x32a e:/iti embedded/01- imt sdk/imt_sdk_win_64/winavr/bin/../lib/gcc/avr/4.3.3/avr5\libgcc.a(_addsub_sf.o)
 .debug_loc     0x0000035e      0x104 e:/iti embedded/01- imt sdk/imt_sdk_win_64/winavr/bin/../lib/gcc/avr/4.3.3/avr5\libgcc.a(_mul_sf.o)
 .debug_loc     0x00000462       0x3c e:/iti embedded/01- imt sdk/imt_sdk_win_64/winavr/bin/../lib/gcc/avr/4.3.3/avr5\libgcc.a(_gt_sf.o)
 .debug_loc     0x0000049e       0x3c e:/iti embedded/01- imt sdk/imt_sdk_win_64/winavr/bin/../lib/gcc/avr/4.3.3/avr5\libgcc.a(_ge_sf.o)
 .debug_loc     0x000004da       0x3c e:/iti embedded/01- imt sdk/imt_sdk_win_64/winavr/bin/../lib/gcc/avr/4.3.3/avr5\libgcc.a(_lt_sf.o)
 .debug_loc     0x00000516       0x7e e:/iti embedded/01- imt sdk/imt_sdk_win_64/winavr/bin/../lib/gcc/avr/4.3.3/avr5\libgcc.a(_sf_to_si.o)
 .debug_loc     0x00000594      0x13e e:/iti embedded/01- imt sdk/imt_sdk_win_64/winavr/bin/../lib/gcc/avr/4.3.3/avr5\libgcc.a(_pack_sf.o)
 .debug_loc     0x000006d2       0xac e:/iti embedded/01- imt sdk/imt_sdk_win_64/winavr/bin/../lib/gcc/avr/4.3.3/avr5\libgcc.a(_unpack_sf.o)
 .debug_loc     0x0000077e       0x50 e:/iti embedded/01- imt sdk/imt_sdk_win_64/winavr/bin/../lib/gcc/avr/4.3.3/avr5\libgcc.a(_fpcmp_parts_sf.o)

.debug_macinfo
 *(.debug_macinfo)
OUTPUT(P1_ITI.elf elf32-avr)
LOAD linker stubs

.debug_ranges   0x00000000       0x50
 .debug_ranges  0x00000000       0x50 e:/iti embedded/01- imt sdk/imt_sdk_win_64/winavr/bin/../lib/gcc/avr/4.3.3/avr5\libgcc.a(_mul_sf.o)
